
The following have been reloaded with a version change:
  1) ipykernel/2026a => ipykernel/2024a
  2) scipy-stack/2026a => scipy-stack/2024a

  6/6
                                                                                                          monomer_smiles     D     P     H     model  ET_D  ET_P  ET_H  RES_D  RES_P  RES_H      SP_D      SP_P  SP_H  nn_sim                    nn_name      nn_ikey14 confidence      hsp_source  expected_Ra_err  Ra_Water  Ra_Diiodomethane  Ra_n-Hexadecane  Ra_PTFE
CC(CCC[C@H]([C@@]1([H])CC[C@]2([H])[C@]1(C)CC[C@@]3([H])[C@@]2([H])CC[C@]4([H])[C@]3(C)CC[C@H](OC(C5CC6C=CC5C6)=O)C4)C)C 17.01  2.37  2.32 ET_direct 17.01  2.37  2.32  18.94   2.07   2.56 19.770000  1.370000  3.97    0.48        Cholesterol Acetate XUGISPSHIFXEHZ     medium model_ET_direct             2.78     42.35              3.87             3.60     9.23
                                                                          O=C(C1C(C(OCC(CC)CCCC)=O)C2C=CC1C2)OCC(CC)CCCC 16.79  3.63  4.48       ENS 16.50  3.65  5.03  17.09   3.60   3.92 16.870001  4.470000  3.87    0.54      2-Ethyl Hexyl Acetate WOYWLLHHWAMFCB     medium       model_ENS             2.78     39.88              2.27             5.85    10.01
                                                                                        O=C(C1C(C(OCCO)=O)C2C=CC1C2)OCCO 17.87 10.01 14.34       ENS 17.75  9.28 13.36  17.99  10.75  15.33 18.620001 13.830000 23.10    0.37 1,2-Ethanediol Monoacetate HXDLWJWIAHWIKI        low       model_ENS             3.73     28.98             10.75            17.77    20.32
                                                                                    O=C(C1C(C(OCCC#N)=O)C2C=CC1C2)OCCC#N 17.43 14.44  8.18       ENS 17.51 10.85  7.84  17.34  18.03   8.53 18.610001 25.059999  7.69    0.41      2-Cyanoethyl Acrylate AEPWOCLBLLCOGZ     medium       model_ENS             2.78     34.37             10.90            16.75    19.10
                                                                                            O=C(OC(C)(C)C)C1C2C=CC(C2)C1 16.21  2.78  4.00       ENS 16.55  2.89  3.73  15.86   2.68   4.27 15.570000  2.070000  5.34    0.33            Ethylnorbornene QHJIJNGGGLNBNJ        low       model_ENS             3.73     40.54              3.70             4.88     8.54
                                                                                                 O=C(OCCO)C1C2C=CC(C2)C1 17.44  7.19 10.69       ENS 17.45  7.16 10.07  17.43   7.21  11.30 18.100000  8.830000 14.74    0.32            Ethylnorbornene QHJIJNGGGLNBNJ        low       model_ENS             3.73     33.05              6.18            13.08    15.99
volume model CV |rel err| median 0.028 p90 0.076 (tier1 median 0.045)
          subset    n  MAE_dD_rd  MAE_SP_D  MAE_ENS_D
             all 1132      1.216     0.818      0.903
          non-Si 1121      1.199     0.808      0.898
              Si   11      2.946     1.861      1.471
>=20 heavy atoms   45      0.875     0.801      0.449
aliph polycyclic   22      0.605     1.050      0.552
dD = sqrt(128.95 + -26.44 x + 2181.71 x^2), x = R_D/V_m
       D  dD_refractivity      P      H  Ra_PTFE  Ra_PTFE_rd      model confidence  expected_Ra_err                     nn_name
0  17.01            17.59   2.37   2.32     9.23       10.32  ET_direct     medium             2.78         Cholesterol Acetate
1  16.79            17.12   3.63   4.48    10.01       10.55        ENS     medium             2.78       2-Ethyl Hexyl Acetate
2  17.87            17.29  10.01  14.34    20.32       19.76        ENS        low             3.73  1,2-Ethanediol Monoacetate
3  17.43            17.60  14.44   8.18    19.10       19.27        ENS     medium             2.78       2-Cyanoethyl Acrylate
4  16.21            17.32   2.78   4.00     8.54       10.46        ENS        low             3.73             Ethylnorbornene
5  17.44            17.36   7.19  10.69    15.99       15.90        ENS        low             3.73             Ethylnorbornene
